$aaeeiioouuAAEEIIOOUU$
AA_EE_II_OO_UU_aa_ee_ii_oo_uu
