1 2 3 100 1 2 3 
Capacity: 10
1 2 3 
Capacity: 5
1 2 3 4 5 6 7 8 9 10 11 
Capacity: 20
