___________
___________
___X_X_X___
___X___X___
___X___X___
___X___X___
___X_X_X___
___________
___________
___________
___________
___________
___________
___X___X___
__X_____X__
_X__X_X__X_
__X_____X__
___X___X___
___________
___________
___________
___________
___________
___________
___________
__XX___XX__
_XXX___XXX_
__XX___XX__
___________
___________
___________
___________
___________
___________
___________
___________
_X_X___X_X_
_X__X_X__X_
_X_X___X_X_
___________
___________
___________
___________
___________
