____
_XX_
X__X
_XX_
____
_XX_
XX_X
_XX_
____
XXX_
X__X
XXX_
