bob
bob,eve
bob,alice
bob is parent of alice,eve
alice has no children
eve is parent of fred
fred has no children
Not found
bob is parent of alice
alice has no children
