albert is parent of bob
bob is parent of alice
alice is parent of jane
jane has no children
albert,bob,alice,jane
