bill is parent of a,b,c,d,e,f,h,i,j,g
a has no children
b has no children
c has no children
d has no children
e has no children
f has no children
h has no children
i has no children
j has no children
g has no children
