bob has no children
bob is parent of jill
jill has no children
bob,jill,anthony
