hellohellohello
15
hellohellohellohellohellohello
