a is parent of b,d
b is parent of c
c has no children
d has no children
