top is parent of middle1
middle1 is parent of bottom
bottom has no children
top,middle1,bottom,morebottom
