Total is 5782961, max deduction is 5000000
Player A's move
Total is 4782961
Player B's move
Total is 4782960
Player A's move
Total is 782960
Player B's move
Total is 700000
Player A's move
Total is 5000
Player B's move
Total is 1
Player A's move
Total is 0
Player A wins
Score is
A 1
B 0
