Total is 5, max deduction is 3
Player A's move
Total is 2
Player B's move
Total is -1
Player B wins
Score is
A 0
B 1
