Total is 5, max deduction is 3
Player A's move
Total is 4
Player B's move
Total is 3
Player A's move
Total is 2
Player B's move
Total is 1
Player A's move
Total is 0
Player A wins
Score is
A 1
B 0
